{"epoch": 1, "train_loss": 54.84022169056053, "train_batches": 4008, "clean_samples": 64115, "perturbed_samples": 64115, "patch_ratio": 0.5, "shape_gradient_norm": 43.17084872473678, "fusion_alpha": {"alpha3": 0.058830755295235654, "alpha4": 0.10352556624574338, "alpha5": 0.1084373222167665}, "device": "cuda", "max_vram_gib": 6.611222267150879, "epoch_seconds": 1390.53771959999, "images_per_second": 92.216124879293}
{"epoch": 2, "train_loss": 54.475823714347655, "train_batches": 4008, "clean_samples": 64115, "perturbed_samples": 64115, "patch_ratio": 0.5, "shape_gradient_norm": 55.411265794926706, "fusion_alpha": {"alpha3": 0.08538188463162459, "alpha4": 0.15873674068696603, "alpha5": 0.15623991018135153}, "device": "cuda", "max_vram_gib": 6.611266136169434, "epoch_seconds": 1696.7762173000083, "images_per_second": 75.5727235522229}
{"epoch": 3, "train_loss": 54.26273404576345, "train_batches": 4008, "clean_samples": 64115, "perturbed_samples": 64115, "patch_ratio": 0.5, "shape_gradient_norm": 64.84317111774966, "fusion_alpha": {"alpha3": 0.10586254599089633, "alpha4": 0.19023686275629703, "alpha5": 0.18574417096575696}, "device": "cuda", "max_vram_gib": 6.611577987670898, "epoch_seconds": 1689.0321469999908, "images_per_second": 75.91921813196886}
{"epoch": 4, "train_loss": 54.107451884332534, "train_batches": 4008, "clean_samples": 64115, "perturbed_samples": 64115, "patch_ratio": 0.5, "shape_gradient_norm": 75.14115822784848, "fusion_alpha": {"alpha3": 0.12209713488571837, "alpha4": 0.21198407705211472, "alpha5": 0.21066772824380092}, "device": "cuda", "max_vram_gib": 6.611577987670898, "epoch_seconds": 1692.292838000023, "images_per_second": 75.77293782767771}
WARNING NMS time limit 2.800s exceeded
WARNING NMS time limit 2.800s exceeded
WARNING NMS time limit 2.800s exceeded
WARNING NMS time limit 2.800s exceeded
WARNING NMS time limit 2.800s exceeded
WARNING NMS time limit 2.800s exceeded
WARNING NMS time limit 2.800s exceeded
WARNING NMS time limit 2.800s exceeded
WARNING NMS time limit 2.800s exceeded
WARNING NMS time limit 2.800s exceeded
WARNING NMS time limit 2.800s exceeded
WARNING NMS time limit 2.800s exceeded
WARNING NMS time limit 2.800s exceeded
WARNING NMS time limit 2.800s exceeded
loading annotations into memory...
Done (t=0.35s)
creating index...
index created!
Loading and preparing results...
DONE (t=4.86s)
creating index...
index created!
Running per image evaluation...
Evaluate annotation type *bbox*
DONE (t=11.39s).
Accumulating evaluation results...
DONE (t=1.86s).
 Average Precision  (AP) @[ IoU=0.50:0.95 | area=   all | maxDets=100 ] = 0.306
 Average Precision  (AP) @[ IoU=0.50      | area=   all | maxDets=100 ] = 0.449
 Average Precision  (AP) @[ IoU=0.75      | area=   all | maxDets=100 ] = 0.331
 Average Precision  (AP) @[ IoU=0.50:0.95 | area= small | maxDets=100 ] = 0.169
 Average Precision  (AP) @[ IoU=0.50:0.95 | area=medium | maxDets=100 ] = 0.368
 Average Precision  (AP) @[ IoU=0.50:0.95 | area= large | maxDets=100 ] = 0.518
 Average Recall     (AR) @[ IoU=0.50:0.95 | area=   all | maxDets=  1 ] = 0.260
 Average Recall     (AR) @[ IoU=0.50:0.95 | area=   all | maxDets= 10 ] = 0.436
 Average Recall     (AR) @[ IoU=0.50:0.95 | area=   all | maxDets=100 ] = 0.482
 Average Recall     (AR) @[ IoU=0.50:0.95 | area= small | maxDets=100 ] = 0.295
 Average Recall     (AR) @[ IoU=0.50:0.95 | area=medium | maxDets=100 ] = 0.572
 Average Recall     (AR) @[ IoU=0.50:0.95 | area= large | maxDets=100 ] = 0.708
WARNING NMS time limit 2.800s exceeded
WARNING NMS time limit 2.800s exceeded
WARNING NMS time limit 2.800s exceeded
WARNING NMS time limit 2.800s exceeded
WARNING NMS time limit 2.800s exceeded
WARNING NMS time limit 2.800s exceeded
WARNING NMS time limit 2.800s exceeded
WARNING NMS time limit 2.800s exceeded
WARNING NMS time limit 2.800s exceeded
WARNING NMS time limit 2.800s exceeded
WARNING NMS time limit 2.800s exceeded
WARNING NMS time limit 2.800s exceeded
WARNING NMS time limit 2.800s exceeded
WARNING NMS time limit 2.800s exceeded
loading annotations into memory...
Done (t=0.25s)
creating index...
index created!
Loading and preparing results...
DONE (t=0.36s)
creating index...
index created!
Running per image evaluation...
Evaluate annotation type *bbox*
DONE (t=15.30s).
Accumulating evaluation results...
DONE (t=1.92s).
 Average Precision  (AP) @[ IoU=0.50:0.95 | area=   all | maxDets=100 ] = 0.298
 Average Precision  (AP) @[ IoU=0.50      | area=   all | maxDets=100 ] = 0.442
 Average Precision  (AP) @[ IoU=0.75      | area=   all | maxDets=100 ] = 0.321
 Average Precision  (AP) @[ IoU=0.50:0.95 | area= small | maxDets=100 ] = 0.166
 Average Precision  (AP) @[ IoU=0.50:0.95 | area=medium | maxDets=100 ] = 0.356
 Average Precision  (AP) @[ IoU=0.50:0.95 | area= large | maxDets=100 ] = 0.498
 Average Recall     (AR) @[ IoU=0.50:0.95 | area=   all | maxDets=  1 ] = 0.257
 Average Recall     (AR) @[ IoU=0.50:0.95 | area=   all | maxDets= 10 ] = 0.429
 Average Recall     (AR) @[ IoU=0.50:0.95 | area=   all | maxDets=100 ] = 0.477
 Average Recall     (AR) @[ IoU=0.50:0.95 | area= small | maxDets=100 ] = 0.294
 Average Recall     (AR) @[ IoU=0.50:0.95 | area=medium | maxDets=100 ] = 0.564
 Average Recall     (AR) @[ IoU=0.50:0.95 | area= large | maxDets=100 ] = 0.693
{"epoch": 5, "train_loss": 53.98801797925831, "train_batches": 4008, "clean_samples": 64115, "perturbed_samples": 64115, "patch_ratio": 0.5, "shape_gradient_norm": 85.32553186252022, "fusion_alpha": {"alpha3": 0.1348760323282963, "alpha4": 0.23017302035779771, "alpha5": 0.23391822034757057}, "device": "cuda", "max_vram_gib": 6.611577987670898, "clean_person_ap": 0.5235505950959627, "clean_person_ap50": 0.7662745513773211, "clean_person_ap75": 0.5575310626146727, "clean_person_ar100": 0.6368562679781015, "clean_person_recall": 0.6663940385314431, "clean_person_gt": 11004, "seen_person_ap": 0.541878474769448, "seen_person_ap50": 0.7779984952073692, "seen_person_ap75": 0.5792708182511747, "seen_person_ar100": 0.6466827503015681, "seen_person_recall": 0.6852962559069429, "seen_person_gt": 11004, "seen_failure_rate": 0.02085703450891163, "clean_to_seen_ap_drop": -0.01832787967348526, "clean_to_seen_ap50_drop": -0.011723943830048045, "clean_to_seen_recall_drop": -0.018902217375499797, "val_seconds": 782.2808399999922, "early_stop_wait": 0, "early_stop_triggered": false, "epoch_seconds": 2243.9838570999855, "images_per_second": 57.1439048432898}
{"epoch": 6, "train_loss": 53.82930109600821, "train_batches": 4008, "clean_samples": 64115, "perturbed_samples": 64115, "patch_ratio": 0.5, "shape_gradient_norm": 97.55698932329041, "fusion_alpha": {"alpha3": 0.1445120552186659, "alpha4": 0.24911877766861293, "alpha5": 0.25523609844614525}, "device": "cuda", "max_vram_gib": 6.611577987670898, "epoch_seconds": 1272.445203499985, "images_per_second": 100.7744770834067}
{"epoch": 7, "train_loss": 53.67167657768417, "train_batches": 4008, "clean_samples": 64115, "perturbed_samples": 64115, "patch_ratio": 0.5, "shape_gradient_norm": 110.49676618083377, "fusion_alpha": {"alpha3": 0.15262178360612808, "alpha4": 0.2677120505097859, "alpha5": 0.27867156468673854}, "device": "cuda", "max_vram_gib": 6.611626625061035, "epoch_seconds": 1269.7221184000082, "images_per_second": 100.99060112584644}
{"epoch": 8, "train_loss": 53.52567141593811, "train_batches": 4008, "clean_samples": 64115, "perturbed_samples": 64115, "patch_ratio": 0.5, "shape_gradient_norm": 124.62194361282116, "fusion_alpha": {"alpha3": 0.1594459238516059, "alpha4": 0.28572991007786547, "alpha5": 0.30512004233376233}, "device": "cuda", "max_vram_gib": 6.611626625061035, "epoch_seconds": 1271.473138899979, "images_per_second": 100.8515210246115}
{"epoch": 9, "train_loss": 53.3657309509323, "train_batches": 4008, "clean_samples": 64115, "perturbed_samples": 64115, "patch_ratio": 0.5, "shape_gradient_norm": 138.80537009880794, "fusion_alpha": {"alpha3": 0.1659514466876874, "alpha4": 0.30517320266502823, "alpha5": 0.33323030975347984}, "device": "cuda", "max_vram_gib": 6.611626625061035, "epoch_seconds": 1273.3001823999803, "images_per_second": 100.70681035975794}
WARNING NMS time limit 2.800s exceeded
WARNING NMS time limit 2.800s exceeded
WARNING NMS time limit 2.800s exceeded
WARNING NMS time limit 2.800s exceeded
WARNING NMS time limit 2.800s exceeded
WARNING NMS time limit 2.800s exceeded
WARNING NMS time limit 2.800s exceeded
WARNING NMS time limit 2.800s exceeded
WARNING NMS time limit 2.800s exceeded
loading annotations into memory...
Done (t=0.27s)
creating index...
index created!
Loading and preparing results...
DONE (t=3.82s)
creating index...
index created!
Running per image evaluation...
Evaluate annotation type *bbox*
DONE (t=15.32s).
Accumulating evaluation results...
DONE (t=1.85s).
 Average Precision  (AP) @[ IoU=0.50:0.95 | area=   all | maxDets=100 ] = 0.306
 Average Precision  (AP) @[ IoU=0.50      | area=   all | maxDets=100 ] = 0.452
 Average Precision  (AP) @[ IoU=0.75      | area=   all | maxDets=100 ] = 0.328
 Average Precision  (AP) @[ IoU=0.50:0.95 | area= small | maxDets=100 ] = 0.171
 Average Precision  (AP) @[ IoU=0.50:0.95 | area=medium | maxDets=100 ] = 0.369
 Average Precision  (AP) @[ IoU=0.50:0.95 | area= large | maxDets=100 ] = 0.515
 Average Recall     (AR) @[ IoU=0.50:0.95 | area=   all | maxDets=  1 ] = 0.260
 Average Recall     (AR) @[ IoU=0.50:0.95 | area=   all | maxDets= 10 ] = 0.435
 Average Recall     (AR) @[ IoU=0.50:0.95 | area=   all | maxDets=100 ] = 0.483
 Average Recall     (AR) @[ IoU=0.50:0.95 | area= small | maxDets=100 ] = 0.294
 Average Recall     (AR) @[ IoU=0.50:0.95 | area=medium | maxDets=100 ] = 0.572
 Average Recall     (AR) @[ IoU=0.50:0.95 | area= large | maxDets=100 ] = 0.713
WARNING NMS time limit 2.800s exceeded
WARNING NMS time limit 2.800s exceeded
WARNING NMS time limit 2.800s exceeded
WARNING NMS time limit 2.800s exceeded
WARNING NMS time limit 2.800s exceeded
WARNING NMS time limit 2.800s exceeded
WARNING NMS time limit 2.800s exceeded
WARNING NMS time limit 2.800s exceeded
WARNING NMS time limit 2.800s exceeded
WARNING NMS time limit 2.800s exceeded
loading annotations into memory...
Done (t=0.26s)
creating index...
index created!
Loading and preparing results...
DONE (t=4.07s)
creating index...
index created!
Running per image evaluation...
Evaluate annotation type *bbox*
DONE (t=11.37s).
Accumulating evaluation results...
DONE (t=1.93s).
 Average Precision  (AP) @[ IoU=0.50:0.95 | area=   all | maxDets=100 ] = 0.295
 Average Precision  (AP) @[ IoU=0.50      | area=   all | maxDets=100 ] = 0.441
 Average Precision  (AP) @[ IoU=0.75      | area=   all | maxDets=100 ] = 0.315
 Average Precision  (AP) @[ IoU=0.50:0.95 | area= small | maxDets=100 ] = 0.164
 Average Precision  (AP) @[ IoU=0.50:0.95 | area=medium | maxDets=100 ] = 0.355
 Average Precision  (AP) @[ IoU=0.50:0.95 | area= large | maxDets=100 ] = 0.500
 Average Recall     (AR) @[ IoU=0.50:0.95 | area=   all | maxDets=  1 ] = 0.255
 Average Recall     (AR) @[ IoU=0.50:0.95 | area=   all | maxDets= 10 ] = 0.424
 Average Recall     (AR) @[ IoU=0.50:0.95 | area=   all | maxDets=100 ] = 0.472
 Average Recall     (AR) @[ IoU=0.50:0.95 | area= small | maxDets=100 ] = 0.286
 Average Recall     (AR) @[ IoU=0.50:0.95 | area=medium | maxDets=100 ] = 0.559
 Average Recall     (AR) @[ IoU=0.50:0.95 | area= large | maxDets=100 ] = 0.695
{"epoch": 10, "train_loss": 53.23274263674151, "train_batches": 4008, "clean_samples": 64115, "perturbed_samples": 64115, "patch_ratio": 0.5, "shape_gradient_norm": 153.29786628206827, "fusion_alpha": {"alpha3": 0.17194843175495694, "alpha4": 0.32071627367905037, "alpha5": 0.3610611659755369}, "device": "cuda", "max_vram_gib": 6.611626625061035, "clean_person_ap": 0.5223421477156618, "clean_person_ap50": 0.7673199180063986, "clean_person_ap75": 0.5559779294550774, "clean_person_ar100": 0.636828430917695, "clean_person_recall": 0.6690294438386042, "clean_person_gt": 11004, "seen_person_ap": 0.5404655304183317, "seen_person_ap50": 0.7769306468506949, "seen_person_ap75": 0.5788186799304413, "seen_person_ar100": 0.64456713371068, "seen_person_recall": 0.6852053798618684, "seen_person_gt": 11004, "seen_failure_rate": 0.018960940462646958, "clean_to_seen_ap_drop": -0.018123382702669888, "clean_to_seen_ap50_drop": -0.009610728844296257, "clean_to_seen_recall_drop": -0.01617593602326417, "val_seconds": 744.8405168000027, "early_stop_wait": 5, "early_stop_triggered": false, "epoch_seconds": 2027.3108524999989, "images_per_second": 63.251276853705924}
{"epoch": 11, "train_loss": 53.08337464494382, "train_batches": 4008, "clean_samples": 64115, "perturbed_samples": 64115, "patch_ratio": 0.5, "shape_gradient_norm": 166.6315018418712, "fusion_alpha": {"alpha3": 0.17638891039717342, "alpha4": 0.3363572328896104, "alpha5": 0.39060308013163403}, "device": "cuda", "max_vram_gib": 6.611626625061035, "epoch_seconds": 1284.238526000001, "images_per_second": 99.84905249603133}
{"epoch": 12, "train_loss": 52.92419434022047, "train_batches": 4008, "clean_samples": 64115, "perturbed_samples": 64115, "patch_ratio": 0.5, "shape_gradient_norm": 178.06239152341809, "fusion_alpha": {"alpha3": 0.18039229091725306, "alpha4": 0.3493181048574562, "alpha5": 0.41945748608150407}, "device": "cuda", "max_vram_gib": 6.611626625061035, "epoch_seconds": 1280.0554675000021, "images_per_second": 100.1753465030997}
{"epoch": 13, "train_loss": 52.7811528170656, "train_batches": 4008, "clean_samples": 64115, "perturbed_samples": 64115, "patch_ratio": 0.5, "shape_gradient_norm": 189.02196753719863, "fusion_alpha": {"alpha3": 0.18453314129315213, "alpha4": 0.3619736755144096, "alpha5": 0.44938477315380426}, "device": "cuda", "max_vram_gib": 6.611626625061035, "epoch_seconds": 1274.693163399992, "images_per_second": 100.59675824884148}
{"epoch": 14, "train_loss": 52.6294571851304, "train_batches": 4008, "clean_samples": 64115, "perturbed_samples": 64115, "patch_ratio": 0.5, "shape_gradient_norm": 198.1537167259164, "fusion_alpha": {"alpha3": 0.18686454126726607, "alpha4": 0.3722909090895496, "alpha5": 0.47731369062365886}, "device": "cuda", "max_vram_gib": 6.611626625061035, "epoch_seconds": 1272.8573845000064, "images_per_second": 100.7418439500748}
WARNING NMS time limit 2.800s exceeded
WARNING NMS time limit 2.800s exceeded
WARNING NMS time limit 2.800s exceeded
WARNING NMS time limit 2.800s exceeded
WARNING NMS time limit 2.800s exceeded
WARNING NMS time limit 2.800s exceeded
WARNING NMS time limit 2.800s exceeded
WARNING NMS time limit 2.800s exceeded
WARNING NMS time limit 2.800s exceeded
WARNING NMS time limit 2.800s exceeded
WARNING NMS time limit 2.800s exceeded
WARNING NMS time limit 2.800s exceeded
WARNING NMS time limit 2.800s exceeded
WARNING NMS time limit 2.800s exceeded
WARNING NMS time limit 2.800s exceeded
WARNING NMS time limit 2.800s exceeded
loading annotations into memory...
Done (t=0.26s)
creating index...
index created!
Loading and preparing results...
DONE (t=0.40s)
creating index...
index created!
Running per image evaluation...
Evaluate annotation type *bbox*
DONE (t=15.41s).
Accumulating evaluation results...
DONE (t=1.95s).
 Average Precision  (AP) @[ IoU=0.50:0.95 | area=   all | maxDets=100 ] = 0.298
 Average Precision  (AP) @[ IoU=0.50      | area=   all | maxDets=100 ] = 0.443
 Average Precision  (AP) @[ IoU=0.75      | area=   all | maxDets=100 ] = 0.322
 Average Precision  (AP) @[ IoU=0.50:0.95 | area= small | maxDets=100 ] = 0.167
 Average Precision  (AP) @[ IoU=0.50:0.95 | area=medium | maxDets=100 ] = 0.361
 Average Precision  (AP) @[ IoU=0.50:0.95 | area= large | maxDets=100 ] = 0.508
 Average Recall     (AR) @[ IoU=0.50:0.95 | area=   all | maxDets=  1 ] = 0.257
 Average Recall     (AR) @[ IoU=0.50:0.95 | area=   all | maxDets= 10 ] = 0.428
 Average Recall     (AR) @[ IoU=0.50:0.95 | area=   all | maxDets=100 ] = 0.479
 Average Recall     (AR) @[ IoU=0.50:0.95 | area= small | maxDets=100 ] = 0.291
 Average Recall     (AR) @[ IoU=0.50:0.95 | area=medium | maxDets=100 ] = 0.567
 Average Recall     (AR) @[ IoU=0.50:0.95 | area= large | maxDets=100 ] = 0.701
WARNING NMS time limit 2.800s exceeded
WARNING NMS time limit 2.800s exceeded
WARNING NMS time limit 2.800s exceeded
WARNING NMS time limit 2.800s exceeded
WARNING NMS time limit 2.800s exceeded
WARNING NMS time limit 2.800s exceeded
WARNING NMS time limit 2.800s exceeded
WARNING NMS time limit 2.800s exceeded
WARNING NMS time limit 2.800s exceeded
WARNING NMS time limit 2.800s exceeded
WARNING NMS time limit 2.800s exceeded
WARNING NMS time limit 2.800s exceeded
WARNING NMS time limit 2.800s exceeded
WARNING NMS time limit 2.800s exceeded
WARNING NMS time limit 2.800s exceeded
loading annotations into memory...
Done (t=0.28s)
creating index...
index created!
Loading and preparing results...
DONE (t=3.85s)
creating index...
index created!
Running per image evaluation...
Evaluate annotation type *bbox*
DONE (t=15.54s).
Accumulating evaluation results...
DONE (t=2.00s).
 Average Precision  (AP) @[ IoU=0.50:0.95 | area=   all | maxDets=100 ] = 0.288
 Average Precision  (AP) @[ IoU=0.50      | area=   all | maxDets=100 ] = 0.432
 Average Precision  (AP) @[ IoU=0.75      | area=   all | maxDets=100 ] = 0.310
 Average Precision  (AP) @[ IoU=0.50:0.95 | area= small | maxDets=100 ] = 0.162
 Average Precision  (AP) @[ IoU=0.50:0.95 | area=medium | maxDets=100 ] = 0.348
 Average Precision  (AP) @[ IoU=0.50:0.95 | area= large | maxDets=100 ] = 0.496
 Average Recall     (AR) @[ IoU=0.50:0.95 | area=   all | maxDets=  1 ] = 0.252
 Average Recall     (AR) @[ IoU=0.50:0.95 | area=   all | maxDets= 10 ] = 0.419
 Average Recall     (AR) @[ IoU=0.50:0.95 | area=   all | maxDets=100 ] = 0.467
 Average Recall     (AR) @[ IoU=0.50:0.95 | area= small | maxDets=100 ] = 0.284
 Average Recall     (AR) @[ IoU=0.50:0.95 | area=medium | maxDets=100 ] = 0.553
 Average Recall     (AR) @[ IoU=0.50:0.95 | area= large | maxDets=100 ] = 0.686
{"epoch": 15, "train_loss": 52.479538379791016, "train_batches": 4008, "clean_samples": 64115, "perturbed_samples": 64115, "patch_ratio": 0.5, "shape_gradient_norm": 207.45910231078796, "fusion_alpha": {"alpha3": 0.19061330932670248, "alpha4": 0.3816121764064668, "alpha5": 0.5031599360192845}, "device": "cuda", "max_vram_gib": 6.611626625061035, "clean_person_ap": 0.512430469558065, "clean_person_ap50": 0.7597951716373131, "clean_person_ap75": 0.544628209786917, "clean_person_ar100": 0.6318177600445394, "clean_person_recall": 0.6700290803344239, "clean_person_gt": 11004, "seen_person_ap": 0.5326688526586291, "seen_person_ap50": 0.7706146461016383, "seen_person_ap75": 0.5714748594896413, "seen_person_ar100": 0.6400853669852464, "seen_person_recall": 0.6861141403126136, "seen_person_gt": 11004, "seen_failure_rate": 0.02464922260144098, "clean_to_seen_ap_drop": -0.020238383100564028, "clean_to_seen_ap50_drop": -0.010819474464325185, "clean_to_seen_recall_drop": -0.016085059978189764, "val_seconds": 791.4573597999988, "early_stop_wait": 10, "early_stop_triggered": false, "epoch_seconds": 2067.105836600007, "images_per_second": 62.03359195720417}
{"epoch": 16, "train_loss": 52.34161950395017, "train_batches": 4008, "clean_samples": 64115, "perturbed_samples": 64115, "patch_ratio": 0.5, "shape_gradient_norm": 215.0002100410915, "fusion_alpha": {"alpha3": 0.1925913918198285, "alpha4": 0.3910069806861901, "alpha5": 0.5273672402380946}, "device": "cuda", "max_vram_gib": 6.611626625061035, "epoch_seconds": 1275.6985166999802, "images_per_second": 100.51747989149479}
{"epoch": 17, "train_loss": 52.24165241066329, "train_batches": 4008, "clean_samples": 64115, "perturbed_samples": 64115, "patch_ratio": 0.5, "shape_gradient_norm": 222.09243861695973, "fusion_alpha": {"alpha3": 0.19563096543837213, "alpha4": 0.3993228016618245, "alpha5": 0.5523890208995746}, "device": "cuda", "max_vram_gib": 6.611626625061035, "epoch_seconds": 1274.402021499991, "images_per_second": 100.61973995385797}
{"epoch": 18, "train_loss": 52.103953723422066, "train_batches": 4008, "clean_samples": 64115, "perturbed_samples": 64115, "patch_ratio": 0.5, "shape_gradient_norm": 228.2302043574661, "fusion_alpha": {"alpha3": 0.19769691786321694, "alpha4": 0.40565697755850477, "alpha5": 0.5738598223098975}, "device": "cuda", "max_vram_gib": 6.611626625061035, "epoch_seconds": 1274.7751678000204, "images_per_second": 100.59028700825462}
{"epoch": 19, "train_loss": 51.987661019532744, "train_batches": 4008, "clean_samples": 64115, "perturbed_samples": 64115, "patch_ratio": 0.5, "shape_gradient_norm": 233.9434060195522, "fusion_alpha": {"alpha3": 0.20019225309604774, "alpha4": 0.4118341164748945, "alpha5": 0.5940994961919661}, "device": "cuda", "max_vram_gib": 6.611667633056641, "epoch_seconds": 1275.246689099993, "images_per_second": 100.5530938413951}
WARNING NMS time limit 2.800s exceeded
WARNING NMS time limit 2.800s exceeded
WARNING NMS time limit 2.800s exceeded
WARNING NMS time limit 2.800s exceeded
WARNING NMS time limit 2.800s exceeded
WARNING NMS time limit 2.800s exceeded
WARNING NMS time limit 2.800s exceeded
WARNING NMS time limit 2.800s exceeded
WARNING NMS time limit 2.800s exceeded
WARNING NMS time limit 2.800s exceeded
loading annotations into memory...
Done (t=0.27s)
creating index...
index created!
Loading and preparing results...
DONE (t=4.11s)
creating index...
index created!
Running per image evaluation...
Evaluate annotation type *bbox*
DONE (t=11.48s).
Accumulating evaluation results...
DONE (t=1.94s).
 Average Precision  (AP) @[ IoU=0.50:0.95 | area=   all | maxDets=100 ] = 0.298
 Average Precision  (AP) @[ IoU=0.50      | area=   all | maxDets=100 ] = 0.445
 Average Precision  (AP) @[ IoU=0.75      | area=   all | maxDets=100 ] = 0.321
 Average Precision  (AP) @[ IoU=0.50:0.95 | area= small | maxDets=100 ] = 0.170
 Average Precision  (AP) @[ IoU=0.50:0.95 | area=medium | maxDets=100 ] = 0.364
 Average Precision  (AP) @[ IoU=0.50:0.95 | area= large | maxDets=100 ] = 0.499
 Average Recall     (AR) @[ IoU=0.50:0.95 | area=   all | maxDets=  1 ] = 0.254
 Average Recall     (AR) @[ IoU=0.50:0.95 | area=   all | maxDets= 10 ] = 0.428
 Average Recall     (AR) @[ IoU=0.50:0.95 | area=   all | maxDets=100 ] = 0.477
 Average Recall     (AR) @[ IoU=0.50:0.95 | area= small | maxDets=100 ] = 0.294
 Average Recall     (AR) @[ IoU=0.50:0.95 | area=medium | maxDets=100 ] = 0.571
 Average Recall     (AR) @[ IoU=0.50:0.95 | area= large | maxDets=100 ] = 0.696
WARNING NMS time limit 2.800s exceeded
WARNING NMS time limit 2.800s exceeded
WARNING NMS time limit 2.800s exceeded
WARNING NMS time limit 2.800s exceeded
WARNING NMS time limit 2.800s exceeded
WARNING NMS time limit 2.800s exceeded
WARNING NMS time limit 2.800s exceeded
WARNING NMS time limit 2.800s exceeded
WARNING NMS time limit 2.800s exceeded
WARNING NMS time limit 2.800s exceeded
loading annotations into memory...
Done (t=0.27s)
creating index...
index created!
Loading and preparing results...
DONE (t=0.41s)
creating index...
index created!
Running per image evaluation...
Evaluate annotation type *bbox*
DONE (t=15.35s).
Accumulating evaluation results...
DONE (t=1.89s).
 Average Precision  (AP) @[ IoU=0.50:0.95 | area=   all | maxDets=100 ] = 0.287
 Average Precision  (AP) @[ IoU=0.50      | area=   all | maxDets=100 ] = 0.432
 Average Precision  (AP) @[ IoU=0.75      | area=   all | maxDets=100 ] = 0.310
 Average Precision  (AP) @[ IoU=0.50:0.95 | area= small | maxDets=100 ] = 0.165
 Average Precision  (AP) @[ IoU=0.50:0.95 | area=medium | maxDets=100 ] = 0.349
 Average Precision  (AP) @[ IoU=0.50:0.95 | area= large | maxDets=100 ] = 0.481
 Average Recall     (AR) @[ IoU=0.50:0.95 | area=   all | maxDets=  1 ] = 0.253
 Average Recall     (AR) @[ IoU=0.50:0.95 | area=   all | maxDets= 10 ] = 0.421
 Average Recall     (AR) @[ IoU=0.50:0.95 | area=   all | maxDets=100 ] = 0.471
 Average Recall     (AR) @[ IoU=0.50:0.95 | area= small | maxDets=100 ] = 0.290
 Average Recall     (AR) @[ IoU=0.50:0.95 | area=medium | maxDets=100 ] = 0.558
 Average Recall     (AR) @[ IoU=0.50:0.95 | area= large | maxDets=100 ] = 0.686
{"epoch": 20, "train_loss": 51.89632682505244, "train_batches": 4008, "clean_samples": 64115, "perturbed_samples": 64115, "patch_ratio": 0.5, "shape_gradient_norm": 239.02678495530222, "fusion_alpha": {"alpha3": 0.20311802638296833, "alpha4": 0.4180883472551129, "alpha5": 0.6150348155411656}, "device": "cuda", "max_vram_gib": 6.611667633056641, "clean_person_ap": 0.5130126505801182, "clean_person_ap50": 0.7616026114330138, "clean_person_ap75": 0.5465515077487066, "clean_person_ar100": 0.632105409668739, "clean_person_recall": 0.6684841875681571, "clean_person_gt": 11004, "seen_person_ap": 0.5344259821506332, "seen_person_ap50": 0.7739814324615271, "seen_person_ap75": 0.5729186025892397, "seen_person_ar100": 0.6414493829451611, "seen_person_recall": 0.6852053798618684, "seen_person_gt": 11004, "seen_failure_rate": 0.021615472127417545, "clean_to_seen_ap_drop": -0.02141333157051495, "clean_to_seen_ap50_drop": -0.012378821028513287, "clean_to_seen_recall_drop": -0.016721192293711273, "val_seconds": 751.7839913999778, "early_stop_wait": 15, "early_stop_triggered": false, "epoch_seconds": 2029.150717499986, "images_per_second": 63.193925859773344}
{"epoch": 21, "train_loss": 51.78919984385401, "train_batches": 4008, "clean_samples": 64115, "perturbed_samples": 64115, "patch_ratio": 0.5, "shape_gradient_norm": 243.13163310101353, "fusion_alpha": {"alpha3": 0.20468219591605807, "alpha4": 0.42342336679587583, "alpha5": 0.6339075363235559}, "device": "cuda", "max_vram_gib": 6.611667633056641, "epoch_seconds": 1276.4882301999896, "images_per_second": 100.45529364568445}
{"epoch": 22, "train_loss": 51.696000737344434, "train_batches": 4008, "clean_samples": 64115, "perturbed_samples": 64115, "patch_ratio": 0.5, "shape_gradient_norm": 247.13840405828276, "fusion_alpha": {"alpha3": 0.2058225537421639, "alpha4": 0.42995568782001914, "alpha5": 0.6511041913887936}, "device": "cuda", "max_vram_gib": 6.611667633056641, "epoch_seconds": 1274.6808523999935, "images_per_second": 100.59772982277572}
{"epoch": 23, "train_loss": 51.60623317302582, "train_batches": 4008, "clean_samples": 64115, "perturbed_samples": 64115, "patch_ratio": 0.5, "shape_gradient_norm": 250.62392895193742, "fusion_alpha": {"alpha3": 0.20951888348141354, "alpha4": 0.4343627280074203, "alpha5": 0.6682948018024544}, "device": "cuda", "max_vram_gib": 6.611667633056641, "epoch_seconds": 1275.0296575999819, "images_per_second": 100.5702096697659}
{"epoch": 24, "train_loss": 51.52565677008943, "train_batches": 4008, "clean_samples": 64115, "perturbed_samples": 64115, "patch_ratio": 0.5, "shape_gradient_norm": 253.21949043665143, "fusion_alpha": {"alpha3": 0.21038240635258232, "alpha4": 0.43904259336179124, "alpha5": 0.6841026079541671}, "device": "cuda", "max_vram_gib": 6.611667633056641, "epoch_seconds": 1274.3473650000233, "images_per_second": 100.62405551409263}
WARNING NMS time limit 2.800s exceeded
WARNING NMS time limit 2.800s exceeded
WARNING NMS time limit 2.800s exceeded
WARNING NMS time limit 2.800s exceeded
WARNING NMS time limit 2.800s exceeded
WARNING NMS time limit 2.800s exceeded
WARNING NMS time limit 2.800s exceeded
WARNING NMS time limit 2.800s exceeded
WARNING NMS time limit 2.800s exceeded
WARNING NMS time limit 2.800s exceeded
loading annotations into memory...
Done (t=0.29s)
creating index...
index created!
Loading and preparing results...
DONE (t=3.82s)
creating index...
index created!
Running per image evaluation...
Evaluate annotation type *bbox*
DONE (t=15.46s).
Accumulating evaluation results...
DONE (t=1.94s).
 Average Precision  (AP) @[ IoU=0.50:0.95 | area=   all | maxDets=100 ] = 0.298
 Average Precision  (AP) @[ IoU=0.50      | area=   all | maxDets=100 ] = 0.445
 Average Precision  (AP) @[ IoU=0.75      | area=   all | maxDets=100 ] = 0.319
 Average Precision  (AP) @[ IoU=0.50:0.95 | area= small | maxDets=100 ] = 0.162
 Average Precision  (AP) @[ IoU=0.50:0.95 | area=medium | maxDets=100 ] = 0.362
 Average Precision  (AP) @[ IoU=0.50:0.95 | area= large | maxDets=100 ] = 0.503
 Average Recall     (AR) @[ IoU=0.50:0.95 | area=   all | maxDets=  1 ] = 0.256
 Average Recall     (AR) @[ IoU=0.50:0.95 | area=   all | maxDets= 10 ] = 0.428
 Average Recall     (AR) @[ IoU=0.50:0.95 | area=   all | maxDets=100 ] = 0.478
 Average Recall     (AR) @[ IoU=0.50:0.95 | area= small | maxDets=100 ] = 0.287
 Average Recall     (AR) @[ IoU=0.50:0.95 | area=medium | maxDets=100 ] = 0.565
 Average Recall     (AR) @[ IoU=0.50:0.95 | area= large | maxDets=100 ] = 0.699
WARNING NMS time limit 2.800s exceeded
WARNING NMS time limit 2.800s exceeded
WARNING NMS time limit 2.800s exceeded
WARNING NMS time limit 2.800s exceeded
WARNING NMS time limit 2.800s exceeded
WARNING NMS time limit 2.800s exceeded
WARNING NMS time limit 2.800s exceeded
WARNING NMS time limit 2.800s exceeded
WARNING NMS time limit 2.800s exceeded
WARNING NMS time limit 2.800s exceeded
loading annotations into memory...
Done (t=0.28s)
creating index...
index created!
Loading and preparing results...
DONE (t=4.10s)
creating index...
index created!
Running per image evaluation...
Evaluate annotation type *bbox*
DONE (t=11.33s).
Accumulating evaluation results...
DONE (t=2.02s).
 Average Precision  (AP) @[ IoU=0.50:0.95 | area=   all | maxDets=100 ] = 0.288
 Average Precision  (AP) @[ IoU=0.50      | area=   all | maxDets=100 ] = 0.434
 Average Precision  (AP) @[ IoU=0.75      | area=   all | maxDets=100 ] = 0.308
 Average Precision  (AP) @[ IoU=0.50:0.95 | area= small | maxDets=100 ] = 0.160
 Average Precision  (AP) @[ IoU=0.50:0.95 | area=medium | maxDets=100 ] = 0.349
 Average Precision  (AP) @[ IoU=0.50:0.95 | area= large | maxDets=100 ] = 0.480
 Average Recall     (AR) @[ IoU=0.50:0.95 | area=   all | maxDets=  1 ] = 0.251
 Average Recall     (AR) @[ IoU=0.50:0.95 | area=   all | maxDets= 10 ] = 0.419
 Average Recall     (AR) @[ IoU=0.50:0.95 | area=   all | maxDets=100 ] = 0.469
 Average Recall     (AR) @[ IoU=0.50:0.95 | area= small | maxDets=100 ] = 0.285
 Average Recall     (AR) @[ IoU=0.50:0.95 | area=medium | maxDets=100 ] = 0.554
 Average Recall     (AR) @[ IoU=0.50:0.95 | area= large | maxDets=100 ] = 0.683
{"epoch": 25, "train_loss": 51.46501166401747, "train_batches": 4008, "clean_samples": 64115, "perturbed_samples": 64115, "patch_ratio": 0.5, "shape_gradient_norm": 256.7175743258614, "fusion_alpha": {"alpha3": 0.21143862242604086, "alpha4": 0.44427535200339113, "alpha5": 0.7005629232543671}, "device": "cuda", "max_vram_gib": 6.611667633056641, "clean_person_ap": 0.5105810153105864, "clean_person_ap50": 0.761000424700595, "clean_person_ap75": 0.5454586670889807, "clean_person_ar100": 0.631186786675327, "clean_person_recall": 0.6673936750272628, "clean_person_gt": 11004, "seen_person_ap": 0.5324346108258781, "seen_person_ap50": 0.7737506427662078, "seen_person_ap75": 0.5717749887336309, "seen_person_ar100": 0.6422102625962699, "seen_person_recall": 0.6861141403126136, "seen_person_gt": 11004, "seen_failure_rate": 0.019719378081152872, "clean_to_seen_ap_drop": -0.021853595515291646, "clean_to_seen_ap50_drop": -0.012750218065612717, "clean_to_seen_recall_drop": -0.018720465285350874, "val_seconds": 758.0282320000115, "early_stop_wait": 20, "early_stop_triggered": false, "epoch_seconds": 2064.708741200011, "images_per_second": 62.105612012604055}
{"epoch": 26, "train_loss": 51.38088740655286, "train_batches": 4008, "clean_samples": 64115, "perturbed_samples": 64115, "patch_ratio": 0.5, "shape_gradient_norm": 260.0336573330596, "fusion_alpha": {"alpha3": 0.21335310269585864, "alpha4": 0.4479470949939744, "alpha5": 0.7165909168159891}, "device": "cuda", "max_vram_gib": 6.611667633056641, "epoch_seconds": 1279.1096767999989, "images_per_second": 100.2494174860738}
{"epoch": 27, "train_loss": 51.3161909960939, "train_batches": 4008, "clean_samples": 64115, "perturbed_samples": 64115, "patch_ratio": 0.5, "shape_gradient_norm": 261.68217713003344, "fusion_alpha": {"alpha3": 0.21537840731085062, "alpha4": 0.45136328063117054, "alpha5": 0.7313808972488145}, "device": "cuda", "max_vram_gib": 6.611667633056641, "epoch_seconds": 1269.383272200008, "images_per_second": 101.0175593205672}
{"epoch": 28, "train_loss": 51.24561028946898, "train_batches": 4008, "clean_samples": 64115, "perturbed_samples": 64115, "patch_ratio": 0.5, "shape_gradient_norm": 264.36537092351523, "fusion_alpha": {"alpha3": 0.21636990716907673, "alpha4": 0.4554470594072651, "alpha5": 0.7454423431359127}, "device": "cuda", "max_vram_gib": 6.611667633056641, "epoch_seconds": 1263.0007587999862, "images_per_second": 101.52804668291336}
{"epoch": 29, "train_loss": 51.179527000990696, "train_batches": 4008, "clean_samples": 64115, "perturbed_samples": 64115, "patch_ratio": 0.5, "shape_gradient_norm": 266.1141216453107, "fusion_alpha": {"alpha3": 0.21841450760925482, "alpha4": 0.4590089086762921, "alpha5": 0.7584298947257196}, "device": "cuda", "max_vram_gib": 6.611667633056641, "epoch_seconds": 1278.7135879000125, "images_per_second": 100.28047032063508}
WARNING NMS time limit 2.800s exceeded
WARNING NMS time limit 2.800s exceeded
WARNING NMS time limit 2.800s exceeded
WARNING NMS time limit 2.800s exceeded
WARNING NMS time limit 2.800s exceeded
WARNING NMS time limit 2.800s exceeded
WARNING NMS time limit 2.800s exceeded
WARNING NMS time limit 2.800s exceeded
WARNING NMS time limit 2.800s exceeded
WARNING NMS time limit 2.800s exceeded
WARNING NMS time limit 2.800s exceeded
WARNING NMS time limit 2.800s exceeded
WARNING NMS time limit 2.800s exceeded
WARNING NMS time limit 2.800s exceeded
WARNING NMS time limit 2.800s exceeded
WARNING NMS time limit 2.800s exceeded
WARNING NMS time limit 2.800s exceeded
WARNING NMS time limit 2.800s exceeded
loading annotations into memory...
Done (t=0.28s)
creating index...
index created!
Loading and preparing results...
DONE (t=0.45s)
creating index...
index created!
Running per image evaluation...
Evaluate annotation type *bbox*
DONE (t=15.32s).
Accumulating evaluation results...
DONE (t=2.04s).
 Average Precision  (AP) @[ IoU=0.50:0.95 | area=   all | maxDets=100 ] = 0.291
 Average Precision  (AP) @[ IoU=0.50      | area=   all | maxDets=100 ] = 0.437
 Average Precision  (AP) @[ IoU=0.75      | area=   all | maxDets=100 ] = 0.310
 Average Precision  (AP) @[ IoU=0.50:0.95 | area= small | maxDets=100 ] = 0.161
 Average Precision  (AP) @[ IoU=0.50:0.95 | area=medium | maxDets=100 ] = 0.357
 Average Precision  (AP) @[ IoU=0.50:0.95 | area= large | maxDets=100 ] = 0.487
 Average Recall     (AR) @[ IoU=0.50:0.95 | area=   all | maxDets=  1 ] = 0.253
 Average Recall     (AR) @[ IoU=0.50:0.95 | area=   all | maxDets= 10 ] = 0.423
 Average Recall     (AR) @[ IoU=0.50:0.95 | area=   all | maxDets=100 ] = 0.473
 Average Recall     (AR) @[ IoU=0.50:0.95 | area= small | maxDets=100 ] = 0.286
 Average Recall     (AR) @[ IoU=0.50:0.95 | area=medium | maxDets=100 ] = 0.564
 Average Recall     (AR) @[ IoU=0.50:0.95 | area= large | maxDets=100 ] = 0.684
WARNING NMS time limit 2.800s exceeded
WARNING NMS time limit 2.800s exceeded
WARNING NMS time limit 2.800s exceeded
WARNING NMS time limit 2.800s exceeded
WARNING NMS time limit 2.800s exceeded
WARNING NMS time limit 2.800s exceeded
WARNING NMS time limit 2.800s exceeded
WARNING NMS time limit 2.800s exceeded
WARNING NMS time limit 2.800s exceeded
WARNING NMS time limit 2.800s exceeded
WARNING NMS time limit 2.800s exceeded
WARNING NMS time limit 2.800s exceeded
WARNING NMS time limit 2.800s exceeded
WARNING NMS time limit 2.800s exceeded
WARNING NMS time limit 2.800s exceeded
WARNING NMS time limit 2.800s exceeded
loading annotations into memory...
Done (t=0.27s)
creating index...
index created!
Loading and preparing results...
DONE (t=3.88s)
creating index...
index created!
Running per image evaluation...
Evaluate annotation type *bbox*
DONE (t=15.70s).
Accumulating evaluation results...
DONE (t=2.04s).
 Average Precision  (AP) @[ IoU=0.50:0.95 | area=   all | maxDets=100 ] = 0.280
 Average Precision  (AP) @[ IoU=0.50      | area=   all | maxDets=100 ] = 0.427
 Average Precision  (AP) @[ IoU=0.75      | area=   all | maxDets=100 ] = 0.298
 Average Precision  (AP) @[ IoU=0.50:0.95 | area= small | maxDets=100 ] = 0.158
 Average Precision  (AP) @[ IoU=0.50:0.95 | area=medium | maxDets=100 ] = 0.345
 Average Precision  (AP) @[ IoU=0.50:0.95 | area= large | maxDets=100 ] = 0.468
 Average Recall     (AR) @[ IoU=0.50:0.95 | area=   all | maxDets=  1 ] = 0.247
 Average Recall     (AR) @[ IoU=0.50:0.95 | area=   all | maxDets= 10 ] = 0.413
 Average Recall     (AR) @[ IoU=0.50:0.95 | area=   all | maxDets=100 ] = 0.462
 Average Recall     (AR) @[ IoU=0.50:0.95 | area= small | maxDets=100 ] = 0.282
 Average Recall     (AR) @[ IoU=0.50:0.95 | area=medium | maxDets=100 ] = 0.551
 Average Recall     (AR) @[ IoU=0.50:0.95 | area= large | maxDets=100 ] = 0.665
{"epoch": 30, "train_loss": 51.103280986616475, "train_batches": 4008, "clean_samples": 64115, "perturbed_samples": 64115, "patch_ratio": 0.5, "shape_gradient_norm": 267.7449668177544, "fusion_alpha": {"alpha3": 0.2189805753372922, "alpha4": 0.46340715411507677, "alpha5": 0.7716781727062489}, "device": "cuda", "max_vram_gib": 6.611667633056641, "clean_person_ap": 0.5001733900344357, "clean_person_ap50": 0.7485692752662755, "clean_person_ap75": 0.5354861589035422, "clean_person_ar100": 0.6245708453187345, "clean_person_recall": 0.6640312613595056, "clean_person_gt": 11004, "seen_person_ap": 0.525339382261176, "seen_person_ap50": 0.766183462029971, "seen_person_ap75": 0.5656337637800355, "seen_person_ar100": 0.6368841050385079, "seen_person_recall": 0.6852053798618684, "seen_person_gt": 11004, "seen_failure_rate": 0.023890784982935176, "clean_to_seen_ap_drop": -0.02516599222674032, "clean_to_seen_ap50_drop": -0.017614186763695527, "clean_to_seen_recall_drop": -0.021174118502362727, "val_seconds": 799.1236107999866, "early_stop_wait": 25, "early_stop_triggered": true, "epoch_seconds": 2081.648752399982, "images_per_second": 61.60020985872885}
